// Jest Snapshot v1, https://goo.gl/fbAQLP

exports[`Header component Match Snapshot 1`] = `
<div
  className="Header"
>
  <a
    href="/"
    onClick={[Function]}
  >
    <h1>
      Platzi Store
    </h1>
  </a>
  <div
    className="Header-checkout"
  >
    <a
      href="/checkout"
      onClick={[Function]}
    >
      <i
        className="fas fa-shopping-basket"
      />
    </a>
  </div>
</div>
`;
