// Jest Snapshot v1, https://goo.gl/fbAQLP

exports[`Product component Match Snapshot 1`] = `
<div
  className="Products"
>
  <div
    className="Products-items"
  >
    <div
      className="Products-item"
    >
      <img
        alt="Camiseta"
        src="https://arepa.s3.amazonaws.com/camiseta.png"
      />
      <div
        className="Products-item-info"
      >
        <h2>
          Camiseta
          <span>
            $
            25
          </span>
        </h2>
        <p>
          bla bla bla bla bla
        </p>
      </div>
      <button
        onClick={[Function]}
        type="button"
      >
        Comprar
      </button>
    </div>
    <div
      className="Products-item"
    >
      <img
        alt="Mug"
        src="https://arepa.s3.amazonaws.com/mug.png"
      />
      <div
        className="Products-item-info"
      >
        <h2>
          Mug
          <span>
            $
            10
          </span>
        </h2>
        <p>
          bla bla bla bla bla
        </p>
      </div>
      <button
        onClick={[Function]}
        type="button"
      >
        Comprar
      </button>
    </div>
    <div
      className="Products-item"
    >
      <img
        alt="Pin"
        src="https://arepa.s3.amazonaws.com/pin.png"
      />
      <div
        className="Products-item-info"
      >
        <h2>
          Pin
          <span>
            $
            4
          </span>
        </h2>
        <p>
          bla bla bla bla bla
        </p>
      </div>
      <button
        onClick={[Function]}
        type="button"
      >
        Comprar
      </button>
    </div>
    <div
      className="Products-item"
    >
      <img
        alt="Stickers"
        src="https://arepa.s3.amazonaws.com/stickers1.png"
      />
      <div
        className="Products-item-info"
      >
        <h2>
          Stickers
          <span>
            $
            2
          </span>
        </h2>
        <p>
          bla bla bla bla bla
        </p>
      </div>
      <button
        onClick={[Function]}
        type="button"
      >
        Comprar
      </button>
    </div>
    <div
      className="Products-item"
    >
      <img
        alt="Stickers"
        src="https://arepa.s3.amazonaws.com/stickers2.png"
      />
      <div
        className="Products-item-info"
      >
        <h2>
          Stickers
          <span>
            $
            2
          </span>
        </h2>
        <p>
          bla bla bla bla bla
        </p>
      </div>
      <button
        onClick={[Function]}
        type="button"
      >
        Comprar
      </button>
    </div>
    <div
      className="Products-item"
    >
      <img
        alt="Hoodie"
        src="https://arepa.s3.amazonaws.com/hoodie.png"
      />
      <div
        className="Products-item-info"
      >
        <h2>
          Hoodie
          <span>
            $
            35
          </span>
        </h2>
        <p>
          bla bla bla bla bla
        </p>
      </div>
      <button
        onClick={[Function]}
        type="button"
      >
        Comprar
      </button>
    </div>
  </div>
</div>
`;
